// Jest Snapshot v1, https://goo.gl/fbAQLP

exports[`Main renders correctly 1`] = `
<main
  className="sc-fzoyAV lgNqAT"
>
  <div
    className="sc-AxirZ gXXnrR"
    height="100%"
    width={
      Array [
        null,
        "540px",
        "720px",
        "960px",
        "1140px",
        "1320px",
      ]
    }
  >
    <p>
      hello world
    </p>
  </div>
</main>
`;
