// Jest Snapshot v1, https://goo.gl/fbAQLP

exports[`Main renders correctly 1`] = `
<div
  className="sc-AxjAm gdTDOx"
>
  <p>
    hello world
  </p>
</div>
`;
